<html>
<body>
<pre>
<h1>µVision Build Log</h1>
<h2>Tool Versions:</h2>
IDE-Version: ¦ÌVision V5.24.2.0
Copyright (C) 2017 ARM Ltd and ARM Germany GmbH. All rights reserved.
License Information: al y, chkj, LIC=HN0WF-6KASJ-H8XFS-LU1PQ-8HHE3-W58MS
 
Tool Versions:
Toolchain:       MDK-ARM Plus  Version: 5.24.1
Toolchain Path:  D:\Keil_v5\ARM\ARMCC\Bin
C Compiler:      Armcc.exe V5.06 update 5 (build 528)
Assembler:       Armasm.exe V5.06 update 5 (build 528)
Linker/Locator:  ArmLink.exe V5.06 update 5 (build 528)
Library Manager: ArmAr.exe V5.06 update 5 (build 528)
Hex Converter:   FromElf.exe V5.06 update 5 (build 528)
CPU DLL:         SARMCM3.DLL V5.24.1
Dialog DLL:      DCM.DLL V1.16.0.0
Target DLL:      Segger\JL2CM3.dll V2.99.26.0
Dialog DLL:      TCM.DLL V1.32.0.0
 
<h2>Project:</h2>
F:\code\Àý³ÌCANÍ¨Ñ¶\Project\project.uvproj
Project File Date:  10/29/2019

<h2>Output:</h2>
*** Using Compiler 'V5.06 update 5 (build 528)', folder: 'D:\Keil_v5\ARM\ARMCC\Bin'
Build target 'STM32F407'
compiling stm32f4xx_assert.c...
compiling stm32f4xx_it.c...
compiling main.c...
..\User\main.c(82): warning:  #1-D: last line of file ends without a newline
  }
..\User\main.c: 1 warning, 0 errors
compiling NVIC.C...
compiling CAN.C...
..\User\CAN.C(212): warning:  #550-D: variable "transmit_mailbox"  was set but never used
  	uint8_t transmit_mailbox = 0;
..\User\CAN.C(254): warning:  #550-D: variable "transmit_mailbox"  was set but never used
  	uint8_t transmit_mailbox = 0;
..\User\CAN.C: 2 warnings, 0 errors
compiling LED.C...
assembling startup_stm32f40_41xxx.s...
compiling stm32f4xx_crc.c...
compiling stm32f4xx_gpio.c...
compiling stm32f4xx_rcc.c...
compiling stm32f4xx_syscfg.c...
compiling misc.c...
compiling stm32f4xx_can.c...
compiling stm32f4xx_flash.c...
compiling system_stm32f4xx.c...
linking...
Program Size: Code=3100 RO-data=784 RW-data=20 ZI-data=1028  
FromELF: creating hex file...
".\Obj\project.axf" - 0 Error(s), 3 Warning(s).
Build Time Elapsed:  00:00:04
</pre>
</body>
</html>
